Reading BBE input: data/raw/statcast_bbe_store.csv
Fetching schedule/venue data for seasons: 2015, 2016, 2017, 2018, 2019, 2021, 2022, 2023, 2024, 2025, 2026
Updated schedule cache: data/raw/mlb_schedule_venues.csv
Schedule venue rows available: 26732
Modeling rows: 1635136
Seasons in model data: 2015, 2016, 2017, 2018, 2019, 2021, 2022, 2023, 2024, 2025, 2026
Skipping measurement-era ON/OFF comparison because --measurement-era=off.
Using measurement-era term: FALSE
Starting main rolling validation with selected model...
Validation fold: target=2018 train=2015-2017 rows(train=502484, hold=165435) include_measurement_era=FALSE
boundary (singular) fit: see help('isSingular')
Validation fold complete: target=2018 rmse_model=0.023044 rmse_prev=0.016066 corr=0.5638 slope=0.8393
Validation fold: target=2019 train=2016-2018 rows(train=514683, hold=171089) include_measurement_era=FALSE
Validation fold complete: target=2019 rmse_model=0.030540 rmse_prev=0.015243 corr=0.4617 slope=0.8935
Validation fold: target=2021 train=2017-2019 rows(train=517460, hold=149428) include_measurement_era=FALSE
Validation fold complete: target=2021 rmse_model=0.022494 rmse_prev=0.021484 corr=0.3723 slope=0.9081
Validation fold: target=2022 train=2018-2021 rows(train=485952, hold=160176) include_measurement_era=FALSE
Validation fold complete: target=2022 rmse_model=0.016774 rmse_prev=0.019294 corr=0.5129 slope=0.8163
Validation fold: target=2023 train=2019-2022 rows(train=480693, hold=168030) include_measurement_era=FALSE
Validation fold complete: target=2023 rmse_model=0.021964 rmse_prev=0.016607 corr=0.2525 slope=0.7719
Validation fold: target=2024 train=2021-2023 rows(train=477634, hold=153571) include_measurement_era=FALSE
Validation fold complete: target=2024 rmse_model=0.015525 rmse_prev=0.016498 corr=0.5586 slope=0.6012
Validation fold: target=2025 train=2022-2024 rows(train=481777, hold=163925) include_measurement_era=FALSE
boundary (singular) fit: see help('isSingular')
Validation fold complete: target=2025 rmse_model=0.018531 rmse_prev=0.018156 corr=0.4010 slope=0.9387
Validation fold: target=2026 train=2023-2025 rows(train=485526, hold=998) include_measurement_era=FALSE
Validation fold complete: target=2026 rmse_model=0.069866 rmse_prev=0.070184 corr=-0.1372 slope=-0.5753
Main rolling validation complete.
Fitting final park-factor model on full dataset...
Fitting model with formula: resid ~ half + (1 | park_era_id) + (1 | park_era_half_id) + (1 |     batter_season_id) + (1 | pitcher_season_id) + (1 | fielding_team_season_id) +     (1 | batting_team_season_id)
Rows: 1635136
Final park-factor model fit complete.
Extracting half/overall park-factor tables...
Fitting BACON residual component model...
BACON residual component model fit complete (outcome=bacon_resid).
Fitting HR residual component model...
HR residual component model fit complete (outcome=hr_resid).
Fitting XBH residual component model...
