Reading BBE input: data/raw/statcast_bbe_store.csv
  Deduplication: 2246036 -> 2246006 rows (removed 30 duplicates)
Schedule venue rows available: 26732
Loaded defense composite for 300 team-seasons.
Loaded daily drag series: 1767 rows.
Applied --max-date 2026-06-30: 1304349 -> 1303651 rows.
Modeling rows: 1303651 (drag coverage: 89.9%)
Seasons in model data: 2015, 2016, 2017, 2018, 2019, 2021, 2022, 2023, 2024, 2025, 2026
Skipping measurement-era ON/OFF comparison because --measurement-era=off.
Using measurement-era term: FALSE
Starting main rolling validation with selected model...
Validation fold: target=2018 train=2015-2017 rows(train=376168, hold=124247) include_measurement_era=FALSE
boundary (singular) fit: see help('isSingular')
Validation fold complete: target=2018 rmse_model=0.022171 rmse_prev=0.014933 corr=0.6136 slope=1.0094
Validation fold: target=2019 train=2016-2018 rows(train=374623, hold=123680) include_measurement_era=FALSE
Validation fold complete: target=2019 rmse_model=0.029491 rmse_prev=0.014778 corr=0.4996 slope=0.9700
Validation fold: target=2021 train=2017-2019 rows(train=373254, hold=120563) include_measurement_era=FALSE
boundary (singular) fit: see help('isSingular')
Validation fold complete: target=2021 rmse_model=0.022300 rmse_prev=0.020164 corr=0.4017 slope=0.8736
Validation fold: target=2022 train=2018-2021 rows(train=368490, hold=123338) include_measurement_era=FALSE
Validation fold complete: target=2022 rmse_model=0.016971 rmse_prev=0.019142 corr=0.4673 slope=0.7184
Validation fold: target=2023 train=2019-2022 rows(train=367581, hold=123449) include_measurement_era=FALSE
boundary (singular) fit: see help('isSingular')
Validation fold complete: target=2023 rmse_model=0.019891 rmse_prev=0.015858 corr=0.2575 slope=0.7865
Validation fold: target=2024 train=2021-2023 rows(train=367350, hold=123379) include_measurement_era=FALSE
boundary (singular) fit: see help('isSingular')
Validation fold complete: target=2024 rmse_model=0.014774 rmse_prev=0.015633 corr=0.5166 slope=0.7196
Validation fold: target=2025 train=2022-2024 rows(train=370166, hold=123890) include_measurement_era=FALSE
boundary (singular) fit: see help('isSingular')
Validation fold complete: target=2025 rmse_model=0.017747 rmse_prev=0.017281 corr=0.4113 slope=1.0643
Validation fold: target=2026 train=2023-2025 rows(train=370718, hold=64937) include_measurement_era=FALSE
boundary (singular) fit: see help('isSingular')
Validation fold complete: target=2026 rmse_model=0.018732 rmse_prev=0.018844 corr=0.4372 slope=0.8466
Main rolling validation complete.
Fitting final park-factor model on full dataset...
Fitting model with formula: resid ~ half + hand + drag_c + drag_missing + defense_c + defense_missing +     (1 | park_era_id) + (1 | park_era_half_id) + (1 | park_era_hand_id) +     (1 | batter_season_id) + (1 | pitcher_season_id) + (1 | fielding_team_season_id) +     (1 | batting_team_season_id)
Rows: 1303651
Final park-factor model fit complete.
Extracting half/overall park-factor tables...
Extracting batter-side park-factor tables...
Fitting BACON residual component model...
BACON residual component model fit complete (outcome=bacon_resid).
Fitting HR residual component model...
HR residual component model fit complete (outcome=hr_resid).
Fitting XBH residual component model...
XBH residual component model fit complete (outcome=xbh_resid).
Fitting 2B residual component model...
boundary (singular) fit: see help('isSingular')
2B residual component model fit complete (outcome=double_resid).
Fitting 3B residual component model...
boundary (singular) fit: see help('isSingular')
3B residual component model fit complete (outcome=triple_resid).
Fitting Carry (air-ball distance) component model...
Carry (air-ball distance) component model fit complete (outcome=hit_distance_air).
Fitting Ottoneu points residual component model...
Ottoneu points residual component model fit complete (outcome=pts_resid).
Warning message:
Some predictor variables are on very different scales: consider rescaling 
Building Savant-style display table...
Built Savant-style park factor table: data/processed/park_factors/park_factors_savant_style.csv
Park factor build complete.
Output directory: data/processed/park_factors
